******************************************************************************
                  TI ARM Linker PC v5.2.5                      
******************************************************************************
>> Linked Fri Nov 20 00:06:54 2015

OUTPUT FILE NAME:   <protocol_tests.out>
ENTRY POINT SYMBOL: "_c_int00"  address: 00000529


MEMORY CONFIGURATION

         name            origin    length      used     unused   attr    fill
----------------------  --------  ---------  --------  --------  ----  --------
  MAIN                  00000000   00040000  00000694  0003f96c  R  X
  INFO                  00200000   00004000  00000000  00004000  R  X
  SRAM_CODE             01000000   00010000  00000000  00010000  RW X
  SRAM_DATA             20000000   00010000  00000214  0000fdec  RW  


SEGMENT ALLOCATION MAP

run origin  load origin   length   init length attrs members
----------  ----------- ---------- ----------- ----- -------
00000000    00000000    00000698   00000698    r-x
  00000000    00000000    00000144   00000144    r-- .intvecs
  00000144    00000144    00000514   00000514    r-x .text
  00000658    00000658    0000001c   0000001c    r-- .const
  00000678    00000678    00000020   00000020    r-- .cinit
20000000    20000000    00000014   00000000    rw-
  20000000    20000000    00000014   00000000    rw- .data
2000fe00    2000fe00    00000200   00000000    rw-
  2000fe00    2000fe00    00000200   00000000    rw- .stack


SECTION ALLOCATION MAP

 output                                  attributes/
section   page    origin      length       input sections
--------  ----  ----------  ----------   ----------------
.intvecs   0    00000000    00000144     
                  00000000    00000144     msp432_startup_ccs.obj (.intvecs)

.text      0    00000144    00000514     
                  00000144    000001f4     main.obj (.text)
                  00000338    0000009c     rtsv7M4_T_le_v4SPD16_eabi.lib : memcpy_t2.obj (.text)
                  000003d4    0000007a                                   : memset_t2.obj (.text)
                  0000044e    00000002     --HOLE-- [fill = 0]
                  00000450    0000006c                                   : autoinit.obj (.text)
                  000004bc    0000006a                                   : copy_decompress_rle.obj (.text)
                  00000526    00000002     --HOLE-- [fill = 0]
                  00000528    00000050                                   : boot.obj (.text)
                  00000578    0000004c                                   : cpy_tbl.obj (.text)
                  000005c4    00000044                                   : exit.obj (.text)
                  00000608    00000018                                   : args_main.obj (.text)
                  00000620    00000014                                   : _lock.obj (.text)
                  00000634    0000000e                                   : copy_decompress_none.obj (.text:decompress:none)
                  00000642    0000000c     msp432_startup_ccs.obj (.text)
                  0000064e    00000006     rtsv7M4_T_le_v4SPD16_eabi.lib : copy_decompress_rle.obj (.text:decompress:rle24)
                  00000654    00000004                                   : pre_init.obj (.text)

.const     0    00000658    0000001c     
                  00000658    0000001c     main.obj (.const:.string)

.cinit     0    00000678    00000020     
                  00000678    0000000f     (.cinit..data.load) [load image, compression = rle]
                  00000687    00000001     --HOLE-- [fill = 0]
                  00000688    00000008     (__TI_handler_table)
                  00000690    00000008     (__TI_cinit_table)

.data      0    20000000    00000014     UNINITIALIZED
                  20000000    00000008     rtsv7M4_T_le_v4SPD16_eabi.lib : _lock.obj (.data)
                  20000008    00000008                                   : exit.obj (.data)
                  20000010    00000004                                   : stkdepth_vars.obj (.data)

.TI.persistent 
*          0    20000000    00000000     UNINITIALIZED

.stack     0    2000fe00    00000200     UNINITIALIZED
                  2000fe00    00000200     --HOLE--


LINKER GENERATED COPY TABLES

__TI_cinit_table @ 00000690 records: 1, size/record: 8, table size: 8
	.data: load addr=00000678, load size=0000000f bytes, run addr=20000000, run size=00000014 bytes, compression=rle


LINKER GENERATED HANDLER TABLE

__TI_handler_table @ 00000688 records: 2, size/record: 4, table size: 8
	index: 0, handler: __TI_decompress_rle24
	index: 1, handler: __TI_decompress_none


GLOBAL SYMBOLS: SORTED ALPHABETICALLY BY Name 

address   name                    
-------   ----                    
000005c5  C$$EXIT                 
UNDEFED   SHT$$INIT_ARRAY$$Base   
UNDEFED   SHT$$INIT_ARRAY$$Limit  
4000480c  WDTCTL_SYM              
20010000  __STACK_END             
00000200  __STACK_SIZE            
00000690  __TI_CINIT_Base         
00000698  __TI_CINIT_Limit        
00000688  __TI_Handler_Table_Base 
00000690  __TI_Handler_Table_Limit
00000451  __TI_auto_init          
20000008  __TI_cleanup_ptr        
00000635  __TI_decompress_none    
0000064f  __TI_decompress_rle24   
2000000c  __TI_dtors_ptr          
00000000  __TI_static_base__      
000003d5  __aeabi_memclr          
000003d5  __aeabi_memclr4         
000003d5  __aeabi_memclr8         
00000339  __aeabi_memcpy          
00000339  __aeabi_memcpy4         
00000339  __aeabi_memcpy8         
000003d7  __aeabi_memset          
000003d7  __aeabi_memset4         
000003d7  __aeabi_memset8         
ffffffff  __binit__               
ffffffff  __c_args__              
2000fe00  __stack                 
00000609  _args_main              
00000529  _c_int00                
20000000  _lock                   
0000062f  _nop                    
00000627  _register_lock          
00000621  _register_unlock        
00000655  _system_pre_init        
20000004  _unlock                 
000005c9  abort                   
ffffffff  binit                   
00000579  copy_in                 
000005d1  exit                    
000001b9  i2cOLEDWriteCommand     
00000175  i2c_init                
0000028d  i2c_read                
0000021d  i2c_write               
00000000  interruptVectors        
00000145  main                    
20000010  main_func_sp            
00000339  memcpy                  
000003dd  memset                  
00000658  oled_init_sequence      


GLOBAL SYMBOLS: SORTED BY Symbol Address 

address   name                    
-------   ----                    
00000000  __TI_static_base__      
00000000  interruptVectors        
00000145  main                    
00000175  i2c_init                
000001b9  i2cOLEDWriteCommand     
00000200  __STACK_SIZE            
0000021d  i2c_write               
0000028d  i2c_read                
00000339  __aeabi_memcpy          
00000339  __aeabi_memcpy4         
00000339  __aeabi_memcpy8         
00000339  memcpy                  
000003d5  __aeabi_memclr          
000003d5  __aeabi_memclr4         
000003d5  __aeabi_memclr8         
000003d7  __aeabi_memset          
000003d7  __aeabi_memset4         
000003d7  __aeabi_memset8         
000003dd  memset                  
00000451  __TI_auto_init          
00000529  _c_int00                
00000579  copy_in                 
000005c5  C$$EXIT                 
000005c9  abort                   
000005d1  exit                    
00000609  _args_main              
00000621  _register_unlock        
00000627  _register_lock          
0000062f  _nop                    
00000635  __TI_decompress_none    
0000064f  __TI_decompress_rle24   
00000655  _system_pre_init        
00000658  oled_init_sequence      
00000688  __TI_Handler_Table_Base 
00000690  __TI_CINIT_Base         
00000690  __TI_Handler_Table_Limit
00000698  __TI_CINIT_Limit        
20000000  _lock                   
20000004  _unlock                 
20000008  __TI_cleanup_ptr        
2000000c  __TI_dtors_ptr          
20000010  main_func_sp            
2000fe00  __stack                 
20010000  __STACK_END             
4000480c  WDTCTL_SYM              
ffffffff  __binit__               
ffffffff  __c_args__              
ffffffff  binit                   
UNDEFED   SHT$$INIT_ARRAY$$Base   
UNDEFED   SHT$$INIT_ARRAY$$Limit  

[50 symbols]
