******************************************************************************
                  TI ARM Linker PC v5.2.5                      
******************************************************************************
>> Linked Mon Nov 23 00:35:44 2015

OUTPUT FILE NAME:   <pwm_test.out>
ENTRY POINT SYMBOL: "_c_int00"  address: 00000389


MEMORY CONFIGURATION

         name            origin    length      used     unused   attr    fill
----------------------  --------  ---------  --------  --------  ----  --------
  MAIN                  00000000   00040000  000004d8  0003fb28  R  X
  INFO                  00200000   00004000  00000000  00004000  R  X
  SRAM_CODE             01000000   00010000  00000000  00010000  RW X
  SRAM_DATA             20000000   00010000  00000214  0000fdec  RW  


SEGMENT ALLOCATION MAP

run origin  load origin   length   init length attrs members
----------  ----------- ---------- ----------- ----- -------
00000000    00000000    000004d8   000004d8    r-x
  00000000    00000000    00000144   00000144    r-- .intvecs
  00000144    00000144    00000374   00000374    r-x .text
  000004b8    000004b8    00000020   00000020    r-- .cinit
20000000    20000000    00000014   00000000    rw-
  20000000    20000000    00000014   00000000    rw- .data
2000fe00    2000fe00    00000200   00000000    rw-
  2000fe00    2000fe00    00000200   00000000    rw- .stack


SECTION ALLOCATION MAP

 output                                  attributes/
section   page    origin      length       input sections
--------  ----  ----------  ----------   ----------------
.intvecs   0    00000000    00000144     
                  00000000    00000144     msp432_startup_ccs.obj (.intvecs)

.text      0    00000144    00000374     
                  00000144    0000009c     rtsv7M4_T_le_v4SPD16_eabi.lib : memcpy_t2.obj (.text)
                  000001e0    0000007a                                   : memset_t2.obj (.text)
                  0000025a    00000002     --HOLE-- [fill = 0]
                  0000025c    0000006c                                   : autoinit.obj (.text)
                  000002c8    0000006a                                   : copy_decompress_rle.obj (.text)
                  00000332    00000002     --HOLE-- [fill = 0]
                  00000334    00000054     pwm.obj (.text)
                  00000388    00000050     rtsv7M4_T_le_v4SPD16_eabi.lib : boot.obj (.text)
                  000003d8    0000004c                                   : cpy_tbl.obj (.text)
                  00000424    00000044                                   : exit.obj (.text)
                  00000468    00000018                                   : args_main.obj (.text)
                  00000480    00000014                                   : _lock.obj (.text)
                  00000494    0000000e                                   : copy_decompress_none.obj (.text:decompress:none)
                  000004a2    0000000c     msp432_startup_ccs.obj (.text)
                  000004ae    00000006     rtsv7M4_T_le_v4SPD16_eabi.lib : copy_decompress_rle.obj (.text:decompress:rle24)
                  000004b4    00000004                                   : pre_init.obj (.text)

.cinit     0    000004b8    00000020     
                  000004b8    0000000f     (.cinit..data.load) [load image, compression = rle]
                  000004c7    00000001     --HOLE-- [fill = 0]
                  000004c8    00000008     (__TI_handler_table)
                  000004d0    00000008     (__TI_cinit_table)

.data      0    20000000    00000014     UNINITIALIZED
                  20000000    00000008     rtsv7M4_T_le_v4SPD16_eabi.lib : _lock.obj (.data)
                  20000008    00000008                                   : exit.obj (.data)
                  20000010    00000004                                   : stkdepth_vars.obj (.data)

.TI.persistent 
*          0    20000000    00000000     UNINITIALIZED

.stack     0    2000fe00    00000200     UNINITIALIZED
                  2000fe00    00000200     --HOLE--


LINKER GENERATED COPY TABLES

__TI_cinit_table @ 000004d0 records: 1, size/record: 8, table size: 8
	.data: load addr=000004b8, load size=0000000f bytes, run addr=20000000, run size=00000014 bytes, compression=rle


LINKER GENERATED HANDLER TABLE

__TI_handler_table @ 000004c8 records: 2, size/record: 4, table size: 8
	index: 0, handler: __TI_decompress_rle24
	index: 1, handler: __TI_decompress_none


GLOBAL SYMBOLS: SORTED ALPHABETICALLY BY Name 

address   name                    
-------   ----                    
00000425  C$$EXIT                 
UNDEFED   SHT$$INIT_ARRAY$$Base   
UNDEFED   SHT$$INIT_ARRAY$$Limit  
4000480c  WDTCTL_SYM              
20010000  __STACK_END             
00000200  __STACK_SIZE            
000004d0  __TI_CINIT_Base         
000004d8  __TI_CINIT_Limit        
000004c8  __TI_Handler_Table_Base 
000004d0  __TI_Handler_Table_Limit
0000025d  __TI_auto_init          
20000008  __TI_cleanup_ptr        
00000495  __TI_decompress_none    
000004af  __TI_decompress_rle24   
2000000c  __TI_dtors_ptr          
00000000  __TI_static_base__      
000001e1  __aeabi_memclr          
000001e1  __aeabi_memclr4         
000001e1  __aeabi_memclr8         
00000145  __aeabi_memcpy          
00000145  __aeabi_memcpy4         
00000145  __aeabi_memcpy8         
000001e3  __aeabi_memset          
000001e3  __aeabi_memset4         
000001e3  __aeabi_memset8         
ffffffff  __binit__               
ffffffff  __c_args__              
2000fe00  __stack                 
00000469  _args_main              
00000389  _c_int00                
20000000  _lock                   
0000048f  _nop                    
00000487  _register_lock          
00000481  _register_unlock        
000004b5  _system_pre_init        
20000004  _unlock                 
00000429  abort                   
ffffffff  binit                   
000003d9  copy_in                 
00000431  exit                    
00000000  interruptVectors        
00000335  main                    
20000010  main_func_sp            
00000145  memcpy                  
000001e9  memset                  


GLOBAL SYMBOLS: SORTED BY Symbol Address 

address   name                    
-------   ----                    
00000000  __TI_static_base__      
00000000  interruptVectors        
00000145  __aeabi_memcpy          
00000145  __aeabi_memcpy4         
00000145  __aeabi_memcpy8         
00000145  memcpy                  
000001e1  __aeabi_memclr          
000001e1  __aeabi_memclr4         
000001e1  __aeabi_memclr8         
000001e3  __aeabi_memset          
000001e3  __aeabi_memset4         
000001e3  __aeabi_memset8         
000001e9  memset                  
00000200  __STACK_SIZE            
0000025d  __TI_auto_init          
00000335  main                    
00000389  _c_int00                
000003d9  copy_in                 
00000425  C$$EXIT                 
00000429  abort                   
00000431  exit                    
00000469  _args_main              
00000481  _register_unlock        
00000487  _register_lock          
0000048f  _nop                    
00000495  __TI_decompress_none    
000004af  __TI_decompress_rle24   
000004b5  _system_pre_init        
000004c8  __TI_Handler_Table_Base 
000004d0  __TI_CINIT_Base         
000004d0  __TI_Handler_Table_Limit
000004d8  __TI_CINIT_Limit        
20000000  _lock                   
20000004  _unlock                 
20000008  __TI_cleanup_ptr        
2000000c  __TI_dtors_ptr          
20000010  main_func_sp            
2000fe00  __stack                 
20010000  __STACK_END             
4000480c  WDTCTL_SYM              
ffffffff  __binit__               
ffffffff  __c_args__              
ffffffff  binit                   
UNDEFED   SHT$$INIT_ARRAY$$Base   
UNDEFED   SHT$$INIT_ARRAY$$Limit  

[45 symbols]
