******************************************************************************
                  TI ARM Linker PC v5.2.5                      
******************************************************************************
>> Linked Wed Dec 02 21:06:09 2015

OUTPUT FILE NAME:   <Protocol_Tests.out>
ENTRY POINT SYMBOL: "_c_int00"  address: 00000f51


MEMORY CONFIGURATION

         name            origin    length      used     unused   attr    fill
----------------------  --------  ---------  --------  --------  ----  --------
  MAIN                  00000000   00040000  00001324  0003ecdc  R  X
  INFO                  00200000   00004000  00000000  00004000  R  X
  SRAM_CODE             01000000   00010000  00000000  00010000  RW X
  SRAM_DATA             20000000   00010000  0000024f  0000fdb1  RW  


SEGMENT ALLOCATION MAP

run origin  load origin   length   init length attrs members
----------  ----------- ---------- ----------- ----- -------
00000000    00000000    00001328   00001328    r-x
  00000000    00000000    00000144   00000144    r-- .intvecs
  00000144    00000144    00000f5c   00000f5c    r-x .text
  000010a0    000010a0    00000244   00000244    r-- .const
  000012e8    000012e8    00000040   00000040    r-- .cinit
20000000    20000000    0000004f   00000000    rw-
  20000000    20000000    0000004c   00000000    rw- .data
  2000004c    2000004c    00000003   00000000    rw- .bss
2000fe00    2000fe00    00000200   00000000    rw-
  2000fe00    2000fe00    00000200   00000000    rw- .stack


SECTION ALLOCATION MAP

 output                                  attributes/
section   page    origin      length       input sections
--------  ----  ----------  ----------   ----------------
.intvecs   0    00000000    00000144     
                  00000000    00000144     msp432_startup_ccs.obj (.intvecs)

.text      0    00000144    00000f5c     
                  00000144    00000538     main.obj (.text)
                  0000067c    000002cc     oled.obj (.text)
                  00000948    00000228     i2c_protocol.obj (.text)
                  00000b70    000001f0     compass.obj (.text)
                  00000d60    0000009c     rtsv7M4_T_le_v4SPD16_eabi.lib : memcpy_t2.obj (.text)
                  00000dfc    0000007a                                   : memset_t2.obj (.text)
                  00000e76    00000002     --HOLE-- [fill = 0]
                  00000e78    0000006c                                   : autoinit.obj (.text)
                  00000ee4    0000006a                                   : copy_decompress_rle.obj (.text)
                  00000f4e    00000002     --HOLE-- [fill = 0]
                  00000f50    00000050                                   : boot.obj (.text)
                  00000fa0    0000004c                                   : cpy_tbl.obj (.text)
                  00000fec    00000044                                   : exit.obj (.text)
                  00001030    00000018                                   : args_main.obj (.text)
                  00001048    00000014                                   : _lock.obj (.text)
                  0000105c    00000014                                   : strlen.obj (.text)
                  00001070    0000000e                                   : copy_decompress_none.obj (.text:decompress:none)
                  0000107e    0000000c                                   : copy_zero_init.obj (.text:decompress:ZI)
                  0000108a    0000000c     msp432_startup_ccs.obj (.text)
                  00001096    00000006     rtsv7M4_T_le_v4SPD16_eabi.lib : copy_decompress_rle.obj (.text:decompress:rle24)
                  0000109c    00000004                                   : pre_init.obj (.text)

.const     0    000010a0    00000244     
                  000010a0    00000228     oled.obj (.const:.string:font6x8)
                  000012c8    0000001c     oled.obj (.const:.string)

.cinit     0    000012e8    00000040     
                  000012e8    0000001c     (.cinit..data.load) [load image, compression = rle]
                  00001304    0000000c     (__TI_handler_table)
                  00001310    00000008     (.cinit..bss.load) [load image, compression = zero_init]
                  00001318    00000010     (__TI_cinit_table)

.data      0    20000000    0000004c     UNINITIALIZED
                  20000000    0000002c     main.obj (.data)
                  2000002c    0000000c     compass.obj (.data)
                  20000038    00000008     rtsv7M4_T_le_v4SPD16_eabi.lib : _lock.obj (.data)
                  20000040    00000008                                   : exit.obj (.data)
                  20000048    00000004                                   : stkdepth_vars.obj (.data)

.bss       0    2000004c    00000003     UNINITIALIZED
                  2000004c    00000001     (.common:okay_to_display)
                  2000004d    00000001     (.common:rxA2)
                  2000004e    00000001     (.common:rxA3)

.TI.persistent 
*          0    20000000    00000000     UNINITIALIZED

.TI.noinit 
*          0    2000004c    00000000     UNINITIALIZED

.stack     0    2000fe00    00000200     UNINITIALIZED
                  2000fe00    00000200     --HOLE--


LINKER GENERATED COPY TABLES

__TI_cinit_table @ 00001318 records: 2, size/record: 8, table size: 16
	.data: load addr=000012e8, load size=0000001c bytes, run addr=20000000, run size=0000004c bytes, compression=rle
	.bss: load addr=00001310, load size=00000008 bytes, run addr=2000004c, run size=00000003 bytes, compression=zero_init


LINKER GENERATED HANDLER TABLE

__TI_handler_table @ 00001304 records: 3, size/record: 4, table size: 12
	index: 0, handler: __TI_decompress_rle24
	index: 1, handler: __TI_decompress_none
	index: 2, handler: __TI_zero_init


GLOBAL SYMBOLS: SORTED ALPHABETICALLY BY Name 

address   name                     
-------   ----                     
000001e3  BTInit                   
00000fed  C$$EXIT                  
UNDEFED   SHT$$INIT_ARRAY$$Base    
UNDEFED   SHT$$INIT_ARRAY$$Limit   
000003f9  SMCLKSetUp               
000002bd  UARTA2Init               
000004f5  UARTA2SendByte           
000004c3  UARTA2SendString         
0000035b  UARTA3Init               
00000535  UARTA3SendByte           
00000519  UARTA3SendString         
4000480c  WDTCTL_SYM               
20010000  __STACK_END              
00000200  __STACK_SIZE             
00001318  __TI_CINIT_Base          
00001328  __TI_CINIT_Limit         
00001304  __TI_Handler_Table_Base  
00001310  __TI_Handler_Table_Limit 
00000e79  __TI_auto_init           
20000040  __TI_cleanup_ptr         
00001071  __TI_decompress_none     
00001097  __TI_decompress_rle24    
20000044  __TI_dtors_ptr           
00000000  __TI_static_base__       
0000107f  __TI_zero_init           
00000dfd  __aeabi_memclr           
00000dfd  __aeabi_memclr4          
00000dfd  __aeabi_memclr8          
00000d61  __aeabi_memcpy           
00000d61  __aeabi_memcpy4          
00000d61  __aeabi_memcpy8          
00000dff  __aeabi_memset           
00000dff  __aeabi_memset4          
00000dff  __aeabi_memset8          
ffffffff  __binit__                
ffffffff  __c_args__               
2000fe00  __stack                  
00001031  _args_main               
00000f51  _c_int00                 
20000038  _lock                    
00001057  _nop                     
0000104f  _register_lock           
00001049  _register_unlock         
0000109d  _system_pre_init         
2000003c  _unlock                  
00000ff1  abort                    
ffffffff  binit                    
00000fa1  copy_in                  
00000479  eUSCIA2IsrHandler        
000004a1  eUSCIA3IsrHandler        
00000ff9  exit                     
000006b1  i2cOLEDClear             
00000741  i2cOLEDFillScreen        
0000067d  i2cOLEDInitialize        
00000803  i2cOLEDSendByte          
000006fb  i2cOLEDSendChar          
000007c7  i2cOLEDSendString        
000006bd  i2cOLEDSetPos            
0000081f  i2cOLEDStartBit          
000007e3  i2cOLEDStartCommand      
000007f3  i2cOLEDStartData         
00000855  i2cOLEDStopBit           
00000869  i2cOLEDWriteCommand      
000008cd  i2cOLEDWriteData         
00000949  i2c_init                 
00000a81  i2c_read_mult_bytes      
000009fd  i2c_read_reg             
0000098d  i2c_write_reg            
00000000  interruptVectors         
00000551  itoa                     
00000145  main                     
20000048  main_func_sp             
00000d61  memcpy                   
00000e05  memset                   
2000004c  okay_to_display          
00000b71  readCompassRaw           
00000bc3  readCompassScaled        
20000000  read_byte                
000005d1  reverse                  
2000004d  rxA2                     
2000004e  rxA3                     
00000d11  setCompassMeasurementMode
00000c37  setCompassScale          
0000105d  strlen                   
20000020  x                        
20000001  x_str                    
20000024  y                        
2000000b  y_str                    
20000028  z                        
20000015  z_str                    


GLOBAL SYMBOLS: SORTED BY Symbol Address 

address   name                     
-------   ----                     
00000000  __TI_static_base__       
00000000  interruptVectors         
00000145  main                     
000001e3  BTInit                   
00000200  __STACK_SIZE             
000002bd  UARTA2Init               
0000035b  UARTA3Init               
000003f9  SMCLKSetUp               
00000479  eUSCIA2IsrHandler        
000004a1  eUSCIA3IsrHandler        
000004c3  UARTA2SendString         
000004f5  UARTA2SendByte           
00000519  UARTA3SendString         
00000535  UARTA3SendByte           
00000551  itoa                     
000005d1  reverse                  
0000067d  i2cOLEDInitialize        
000006b1  i2cOLEDClear             
000006bd  i2cOLEDSetPos            
000006fb  i2cOLEDSendChar          
00000741  i2cOLEDFillScreen        
000007c7  i2cOLEDSendString        
000007e3  i2cOLEDStartCommand      
000007f3  i2cOLEDStartData         
00000803  i2cOLEDSendByte          
0000081f  i2cOLEDStartBit          
00000855  i2cOLEDStopBit           
00000869  i2cOLEDWriteCommand      
000008cd  i2cOLEDWriteData         
00000949  i2c_init                 
0000098d  i2c_write_reg            
000009fd  i2c_read_reg             
00000a81  i2c_read_mult_bytes      
00000b71  readCompassRaw           
00000bc3  readCompassScaled        
00000c37  setCompassScale          
00000d11  setCompassMeasurementMode
00000d61  __aeabi_memcpy           
00000d61  __aeabi_memcpy4          
00000d61  __aeabi_memcpy8          
00000d61  memcpy                   
00000dfd  __aeabi_memclr           
00000dfd  __aeabi_memclr4          
00000dfd  __aeabi_memclr8          
00000dff  __aeabi_memset           
00000dff  __aeabi_memset4          
00000dff  __aeabi_memset8          
00000e05  memset                   
00000e79  __TI_auto_init           
00000f51  _c_int00                 
00000fa1  copy_in                  
00000fed  C$$EXIT                  
00000ff1  abort                    
00000ff9  exit                     
00001031  _args_main               
00001049  _register_unlock         
0000104f  _register_lock           
00001057  _nop                     
0000105d  strlen                   
00001071  __TI_decompress_none     
0000107f  __TI_zero_init           
00001097  __TI_decompress_rle24    
0000109d  _system_pre_init         
00001304  __TI_Handler_Table_Base  
00001310  __TI_Handler_Table_Limit 
00001318  __TI_CINIT_Base          
00001328  __TI_CINIT_Limit         
20000000  read_byte                
20000001  x_str                    
2000000b  y_str                    
20000015  z_str                    
20000020  x                        
20000024  y                        
20000028  z                        
20000038  _lock                    
2000003c  _unlock                  
20000040  __TI_cleanup_ptr         
20000044  __TI_dtors_ptr           
20000048  main_func_sp             
2000004c  okay_to_display          
2000004d  rxA2                     
2000004e  rxA3                     
2000fe00  __stack                  
20010000  __STACK_END              
4000480c  WDTCTL_SYM               
ffffffff  __binit__                
ffffffff  __c_args__               
ffffffff  binit                    
UNDEFED   SHT$$INIT_ARRAY$$Base    
UNDEFED   SHT$$INIT_ARRAY$$Limit   

[90 symbols]
