******************************************************************************
                  TI ARM Linker PC v5.2.5                      
******************************************************************************
>> Linked Mon Nov 23 00:35:31 2015

OUTPUT FILE NAME:   <OLED_Library.out>
ENTRY POINT SYMBOL: "_c_int00"  address: 00000821


MEMORY CONFIGURATION

         name            origin    length      used     unused   attr    fill
----------------------  --------  ---------  --------  --------  ----  --------
  MAIN                  00000000   00040000  00000bb4  0003f44c  R  X
  INFO                  00200000   00004000  00000000  00004000  R  X
  SRAM_CODE             01000000   00010000  00000000  00010000  RW X
  SRAM_DATA             20000000   00010000  00000214  0000fdec  RW  


SEGMENT ALLOCATION MAP

run origin  load origin   length   init length attrs members
----------  ----------- ---------- ----------- ----- -------
00000000    00000000    00000bb8   00000bb8    r-x
  00000000    00000000    00000144   00000144    r-- .intvecs
  00000144    00000144    0000080c   0000080c    r-x .text
  00000950    00000950    00000244   00000244    r-- .const
  00000b98    00000b98    00000020   00000020    r-- .cinit
20000000    20000000    00000014   00000000    rw-
  20000000    20000000    00000014   00000000    rw- .data
2000fe00    2000fe00    00000200   00000000    rw-
  2000fe00    2000fe00    00000200   00000000    rw- .stack


SECTION ALLOCATION MAP

 output                                  attributes/
section   page    origin      length       input sections
--------  ----  ----------  ----------   ----------------
.intvecs   0    00000000    00000144     
                  00000000    00000144     msp432_startup_ccs.obj (.intvecs)

.text      0    00000144    0000080c     
                  00000144    000004ec     main.obj (.text)
                  00000630    0000009c     rtsv7M4_T_le_v4SPD16_eabi.lib : memcpy_t2.obj (.text)
                  000006cc    0000007a                                   : memset_t2.obj (.text)
                  00000746    00000002     --HOLE-- [fill = 0]
                  00000748    0000006c                                   : autoinit.obj (.text)
                  000007b4    0000006a                                   : copy_decompress_rle.obj (.text)
                  0000081e    00000002     --HOLE-- [fill = 0]
                  00000820    00000050                                   : boot.obj (.text)
                  00000870    0000004c                                   : cpy_tbl.obj (.text)
                  000008bc    00000044                                   : exit.obj (.text)
                  00000900    00000018                                   : args_main.obj (.text)
                  00000918    00000014                                   : _lock.obj (.text)
                  0000092c    0000000e                                   : copy_decompress_none.obj (.text:decompress:none)
                  0000093a    0000000c     msp432_startup_ccs.obj (.text)
                  00000946    00000006     rtsv7M4_T_le_v4SPD16_eabi.lib : copy_decompress_rle.obj (.text:decompress:rle24)
                  0000094c    00000004                                   : pre_init.obj (.text)

.const     0    00000950    00000244     
                  00000950    00000228     main.obj (.const:.string:font6x8)
                  00000b78    0000001c     main.obj (.const:.string)

.cinit     0    00000b98    00000020     
                  00000b98    0000000f     (.cinit..data.load) [load image, compression = rle]
                  00000ba7    00000001     --HOLE-- [fill = 0]
                  00000ba8    00000008     (__TI_handler_table)
                  00000bb0    00000008     (__TI_cinit_table)

.data      0    20000000    00000014     UNINITIALIZED
                  20000000    00000008     rtsv7M4_T_le_v4SPD16_eabi.lib : _lock.obj (.data)
                  20000008    00000008                                   : exit.obj (.data)
                  20000010    00000004                                   : stkdepth_vars.obj (.data)

.TI.persistent 
*          0    20000000    00000000     UNINITIALIZED

.stack     0    2000fe00    00000200     UNINITIALIZED
                  2000fe00    00000200     --HOLE--


LINKER GENERATED COPY TABLES

__TI_cinit_table @ 00000bb0 records: 1, size/record: 8, table size: 8
	.data: load addr=00000b98, load size=0000000f bytes, run addr=20000000, run size=00000014 bytes, compression=rle


LINKER GENERATED HANDLER TABLE

__TI_handler_table @ 00000ba8 records: 2, size/record: 4, table size: 8
	index: 0, handler: __TI_decompress_rle24
	index: 1, handler: __TI_decompress_none


GLOBAL SYMBOLS: SORTED ALPHABETICALLY BY Name 

address   name                    
-------   ----                    
000008bd  C$$EXIT                 
UNDEFED   SHT$$INIT_ARRAY$$Base   
UNDEFED   SHT$$INIT_ARRAY$$Limit  
000002bb  SMCLKSetUp              
4000480c  WDTCTL_SYM              
20010000  __STACK_END             
00000200  __STACK_SIZE            
00000bb0  __TI_CINIT_Base         
00000bb8  __TI_CINIT_Limit        
00000ba8  __TI_Handler_Table_Base 
00000bb0  __TI_Handler_Table_Limit
00000749  __TI_auto_init          
20000008  __TI_cleanup_ptr        
0000092d  __TI_decompress_none    
00000947  __TI_decompress_rle24   
2000000c  __TI_dtors_ptr          
00000000  __TI_static_base__      
000006cd  __aeabi_memclr          
000006cd  __aeabi_memclr4         
000006cd  __aeabi_memclr8         
00000631  __aeabi_memcpy          
00000631  __aeabi_memcpy4         
00000631  __aeabi_memcpy8         
000006cf  __aeabi_memset          
000006cf  __aeabi_memset4         
000006cf  __aeabi_memset8         
ffffffff  __binit__               
ffffffff  __c_args__              
2000fe00  __stack                 
00000901  _args_main              
00000821  _c_int00                
20000000  _lock                   
00000927  _nop                    
0000091f  _register_lock          
00000919  _register_unlock        
0000094d  _system_pre_init        
20000004  _unlock                 
000008c1  abort                   
ffffffff  binit                   
00000871  copy_in                 
000008c9  exit                    
00000950  font6x8                 
000001a5  i2cOLEDClear            
00000235  i2cOLEDFillScreen       
00000171  i2cOLEDInitialize       
00000377  i2cOLEDSendByte         
000001ef  i2cOLEDSendChar         
0000033b  i2cOLEDSendString       
000001b1  i2cOLEDSetPos           
00000393  i2cOLEDStartBit         
00000357  i2cOLEDStartCommand     
00000367  i2cOLEDStartData        
000003c9  i2cOLEDStopBit          
00000425  i2cOLEDWriteCommand     
000004a9  i2cOLEDWriteData        
000003dd  i2c_init                
00000581  i2c_read                
00000511  i2c_write               
00000000  interruptVectors        
00000145  main                    
20000010  main_func_sp            
00000631  memcpy                  
000006d5  memset                  
00000b78  oled_init_sequence      


GLOBAL SYMBOLS: SORTED BY Symbol Address 

address   name                    
-------   ----                    
00000000  __TI_static_base__      
00000000  interruptVectors        
00000145  main                    
00000171  i2cOLEDInitialize       
000001a5  i2cOLEDClear            
000001b1  i2cOLEDSetPos           
000001ef  i2cOLEDSendChar         
00000200  __STACK_SIZE            
00000235  i2cOLEDFillScreen       
000002bb  SMCLKSetUp              
0000033b  i2cOLEDSendString       
00000357  i2cOLEDStartCommand     
00000367  i2cOLEDStartData        
00000377  i2cOLEDSendByte         
00000393  i2cOLEDStartBit         
000003c9  i2cOLEDStopBit          
000003dd  i2c_init                
00000425  i2cOLEDWriteCommand     
000004a9  i2cOLEDWriteData        
00000511  i2c_write               
00000581  i2c_read                
00000631  __aeabi_memcpy          
00000631  __aeabi_memcpy4         
00000631  __aeabi_memcpy8         
00000631  memcpy                  
000006cd  __aeabi_memclr          
000006cd  __aeabi_memclr4         
000006cd  __aeabi_memclr8         
000006cf  __aeabi_memset          
000006cf  __aeabi_memset4         
000006cf  __aeabi_memset8         
000006d5  memset                  
00000749  __TI_auto_init          
00000821  _c_int00                
00000871  copy_in                 
000008bd  C$$EXIT                 
000008c1  abort                   
000008c9  exit                    
00000901  _args_main              
00000919  _register_unlock        
0000091f  _register_lock          
00000927  _nop                    
0000092d  __TI_decompress_none    
00000947  __TI_decompress_rle24   
0000094d  _system_pre_init        
00000950  font6x8                 
00000b78  oled_init_sequence      
00000ba8  __TI_Handler_Table_Base 
00000bb0  __TI_CINIT_Base         
00000bb0  __TI_Handler_Table_Limit
00000bb8  __TI_CINIT_Limit        
20000000  _lock                   
20000004  _unlock                 
20000008  __TI_cleanup_ptr        
2000000c  __TI_dtors_ptr          
20000010  main_func_sp            
2000fe00  __stack                 
20010000  __STACK_END             
4000480c  WDTCTL_SYM              
ffffffff  __binit__               
ffffffff  __c_args__              
ffffffff  binit                   
UNDEFED   SHT$$INIT_ARRAY$$Base   
UNDEFED   SHT$$INIT_ARRAY$$Limit  

[64 symbols]
